// Jest Snapshot v1, https://goo.gl/fbAQLP

exports[`renders homepage unchanged 1`] = `
<div>
  <div
    class="container"
  >
    <main
      class="main bg-primary"
    >
      <div>
        <h1
          class="text-white text-center"
          style="font-family: 'Carter One', cursive;"
        >
          Speed typing
        </h1>
      </div>
      <div
        class=""
      >
        <div
          class="container-fluid"
        >
          <div
            class="sc-gKXOVf knnMpx"
          >
            <div
              class="sc-gsnTZi jLXdsk"
            >
              <div
                class="details-container"
              >
                <div
                  class="sc-jSMfEi eMtcmg"
                >
                  <p
                    class="card-name"
                  >
                    Words
                  </p>
                  <p
                    class="card-value"
                  >
                    0
                  </p>
                </div>
                <div
                  class="sc-jSMfEi eMtcmg"
                >
                  <p
                    class="card-name"
                  >
                    Characters
                  </p>
                  <p
                    class="card-value"
                  >
                    0
                  </p>
                </div>
                <div
                  class="sc-jSMfEi eMtcmg"
                >
                  <p
                    class="card-name"
                  >
                    Mistakes
                  </p>
                  <p
                    class="card-value"
                  >
                    0
                  </p>
                </div>
              </div>
              <div
                class="type-challenge-cont"
              >
                <div
                  class="sc-dkzDqf hSyoaQ"
                >
                  <div
                    class="timer-container"
                  >
                    <p
                      class="timer"
                    >
                      00:
                      60
                    </p>
                    <p
                      class="timer-info"
                    >
                      Start typing to start the test
                    </p>
                  </div>
                  <div
                    class="sc-hKMtZM kDOdKI"
                  >
                    <div
                      class="sc-eCYdqJ bWRrTE"
                    >
                      <textarea
                        class="textarea"
                        disabled=""
                      />
                    </div>
                    <div
                      class="sc-eCYdqJ bWRrTE"
                    >
                      <textarea
                        class="textarea"
                      />
                    </div>
                  </div>
                </div>
              </div>
            </div>
          </div>
        </div>
      </div>
    </main>
  </div>
</div>
`;
